// Jest Snapshot v1, https://goo.gl/fbAQLP

exports[`Afternoon renders correctly 1`] = `
ShallowWrapper {
  "length": 1,
  Symbol(enzyme.__root__): [Circular],
  Symbol(enzyme.__unrendered__): <Afternoon
    talks={
        Array [
            <Talk
              id={1}
              length={10}
              lengthtext="10min"
              title="title1"
        />,
          ]
    }
/>,
  Symbol(enzyme.__renderer__): Object {
    "batchedUpdates": [Function],
    "getNode": [Function],
    "render": [Function],
    "simulateEvent": [Function],
    "unmount": [Function],
  },
  Symbol(enzyme.__node__): Object {
    "instance": null,
    "key": undefined,
    "nodeType": "host",
    "props": Object {
      "children": Array [
        Array [
          <Talk
            length={10}
            lengthtext="10min"
            spentTime={250}
            title="title1"
/>,
        ],
        <Talk
          className="networking"
          spentTime={250}
          title="Networking Event"
/>,
      ],
      "className": "afternoon-sess session",
    },
    "ref": null,
    "rendered": Array [
      Object {
        "instance": null,
        "key": "1",
        "nodeType": "class",
        "props": Object {
          "length": 10,
          "lengthtext": "10min",
          "spentTime": 250,
          "title": "title1",
        },
        "ref": null,
        "rendered": null,
        "type": [Function],
      },
      Object {
        "instance": null,
        "key": "-1",
        "nodeType": "class",
        "props": Object {
          "className": "networking",
          "spentTime": 250,
          "title": "Networking Event",
        },
        "ref": null,
        "rendered": null,
        "type": [Function],
      },
    ],
    "type": "div",
  },
  Symbol(enzyme.__nodes__): Array [
    Object {
      "instance": null,
      "key": undefined,
      "nodeType": "host",
      "props": Object {
        "children": Array [
          Array [
            <Talk
              length={10}
              lengthtext="10min"
              spentTime={250}
              title="title1"
/>,
          ],
          <Talk
            className="networking"
            spentTime={250}
            title="Networking Event"
/>,
        ],
        "className": "afternoon-sess session",
      },
      "ref": null,
      "rendered": Array [
        Object {
          "instance": null,
          "key": "1",
          "nodeType": "class",
          "props": Object {
            "length": 10,
            "lengthtext": "10min",
            "spentTime": 250,
            "title": "title1",
          },
          "ref": null,
          "rendered": null,
          "type": [Function],
        },
        Object {
          "instance": null,
          "key": "-1",
          "nodeType": "class",
          "props": Object {
            "className": "networking",
            "spentTime": 250,
            "title": "Networking Event",
          },
          "ref": null,
          "rendered": null,
          "type": [Function],
        },
      ],
      "type": "div",
    },
  ],
  Symbol(enzyme.__options__): Object {
    "adapter": ReactSixteenAdapter {
      "options": Object {
        "enableComponentDidUpdateOnSetState": true,
      },
    },
    "disableLifecycleMethods": true,
  },
}
`;
